"Contract Number","Office Symbol","Requirement Title","Requirement Description","Estimated Value","Dollar Value","Place of Performance Country","Place of Performance City","Place of Performance State","Award Type","Anticipated Award Date","Target Award Quarter","Fiscal Year","Anticipated Set Aside","Anticipated Solicitation Release Date"
"DOS-001","OBO","Global IT Support","Worldwide IT services","$10M-$20M","","USA","Arlington","VA","IDIQ","","2024 Q3","2024","None","04/15/2024"
"DOS-002","FPT","Language Training","Language instruction services","","$500,000","USA","Washington","DC","BPA","11/01/2023","","2024","Small Business","07/01/2023"
