,,,,,
,,,,,
Forecast ID,Organization,Title,Description,Naics Code,Place Of Performance City,Place Of Performance State,Place Of Performance Country,Estimated Value Range,Estimated Solicitation Fiscal Year,Estimated Solicitation Fiscal Quarter,Anticipated Set Aside And Type,Anticipated Action Award Type,Competition Strategy,Anticipated Contract Vehicle
DOC-001,ITA,Cloud Services,Cloud computing services,541511,Arlington,VA,USA,$1M - $5M,2024,2,Small Business,BPA,"Full and Open","GSA MAS"
DOC-002,NOAA,Weather Buoys,Maintenance of weather buoys,334511,San Diego,CA,USA,$500K - $1M,2024,3,None,IDIQ,Not Specified,SEWP
