APFS Number,NAICS,Component,Title,Contract Type,Contract Vehicle,Dollar Range,Small Business Set-Aside,Small Business Program,Contract Status,Place of Performance City,Place of Performance State,Description,Estimated Solicitation Release,Award Quarter
DHS-001,541511,CISA,Cybersecurity Support,FFP,GSA MAS,"$1M - $5M",Small Business,None,Awarded,Arlington,VA,Support for cyber operations,10/15/2023,2024 Q1
DHS-002,541512,FEMA,Cloud Migration,T&M,SEWP,"$10M+",None,8(a),Planned,Reston,VA,Migrate systems to cloud,11/01/2023,2024 Q2
