Procurement Number,Operating Division,Requirement Title,Requirement Description,NAICS Code,Contract Vehicle,Contract Type,Estimated Contract Value,Anticipated Award Date,Anticipated Solicitation Release Date,Small Business Set-Aside,Place of Performance City,Place of Performance State,Place of Performance Country
HHS-001,NIH,IT Support,General IT support services,541511,GSA MAS,FFP,"$1M - $5M",10/15/2023,08/01/2023,Small Business,Bethesda,MD,USA
HHS-002,CDC,Lab Equipment,Purchase of new lab equipment,334516,SEWP,FIRM FIXED PRICE,"$250K - $500K",11/20/2023,09/05/2023,None,Atlanta,GA,USA
