<!DOCTYPE html>
<html lang="en">
<head>
    <meta charset="UTF-8">
    <title>Treasury Sample</title>
</head>
<body>
    <table>
        <thead>
            <tr>
                <th>Specific Id</th>
                <th>Bureau</th>
                <th>PSC</th>
                <th>Place of Performance</th>
                <th>Contract Type</th>
                <th>NAICS</th>
                <th>Estimated Total Contract Value</th>
                <th>Type of Small Business Set-aside</th>
                <th>Projected Award FY_Qtr</th>
                <th>Project Period of Performance Start</th>
                <th>Type of Requirement</th> <!-- Example for extra_data -->
            </tr>
        </thead>
        <tbody>
            <tr>
                <td>TREAS-001</td>
                <td>Fiscal Service</td>
                <td>R408</td>
                <td>Washington, DC</td>
                <td>FFP</td>
                <td>541511</td>
                <td>$100K - $250K</td>
                <td>Small Business</td>
                <td>2024 Q1</td>
                <td>10/01/2023</td>
                <td>Support Services</td>
            </tr>
            <tr>
                <td>TREAS-002</td>
                <td>IRS</td>
                <td>D302</td>
                <td>Remote</td>
                <td>T&M</td>
                <td>541512</td>
                <td>$1M+</td>
                <td>None</td>
                <td>2024 Q2</td>
                <td>01/15/2024</td>
                <td>IT System</td>
            </tr>
            <tr>
                <td>TREAS-003</td> <!-- Test for alternative native ID: ShopCart/req -->
                <td>OCIO</td>
                <td>F123</td>
                <td>New Carrollton, MD</td>
                <td>LH</td>
                <td>541611</td>
                <td>$500,000</td>
                <td>WOSB</td>
                <td>2024 Q3</td>
                <td>04/01/2024</td>
                <td>Consulting</td>
            </tr>
        </tbody>
    </table>
</body>
</html>
