Listing ID,Title,Body,NAICS Code,Estimated Contract Value,Estimated Solicitation Date,Ultimate Completion Date,Estimated Award FY,Organization,Place of Performance City,Place of Performance State,Place of Performance Country,Contract Type,Set Aside Type
123,Test Title 1,Test Body 1,541511,1000000,10/01/2023,09/30/2024,2024,Test Org,Arlington,VA,USA,FFP,None
456,Test Title 2,Test Body 2,541512,250000,,09/30/2025,2025,Test Org,Remote,,USA,T&M,Small Business
