,,,,,,,,
,,,,,,,,
,,,,,,,,
,,,,,,,,
APP #,SITE Type,DESCRIPTION,REQUIREMENT TYPE,EST COST PER FY,PLANNED AWARD DATE,CONTRACT TYPE,NAICS,TYPE OF COMPETITION,PLACE OF PERFORMANCE
SSA-001,HQ,IT Support Services,Services,$1M-$5M,10/15/2023,FFP,541511,Small Business,"Baltimore, MD"
SSA-002,REGION 1,Janitorial Services,Services,$25k-$100k,Q1 FY2024,FFP,561720,8(a),"Boston, MA"
