,,,,,,,,,,,
,,,,,,,,,,,
,,,,,,,,,,,
,,,,,,,,,,,
,,,,,,,,,,,
,,,,,,,,,,,
,,,,,,,,,,,
,,,,,,,,,,,
,,,,,,,,,,,
,,,,,,,,,,,
,,,,,,,,,,,
,,,,,,,,,,,
Action Tracking Number,Bureau,Contract Name,Description of Requirement,Contract Type (Pricing),NAICS Code,Small Business Approach,Estimated Total Contract Value (Range),Target Solicitation Date,Target Award Date,Place of Performance,Country
DOJ-001,FBI,IT Modernization,Modernize IT systems,FFP,541511,None,"$10M - $20M",10/01/2023,01/15/2024,"Washington, DC",USA
DOJ-002,DEA,Analytical Services,Forensic analysis services,LH,541990,Small Business,"$1M - $5M",11/15/2023,2024 Q2,"Quantico, VA",USA
